"FirstName: firstname
Surname: SURNAME
EmailAddress: firstname.surname@example.com
Organisation: Some County Council (Unitary)
Team: N/A
Username: firstname.surname
Status: Active
ShortCode: N/A
"
